test_empty_and_whitespace_queries (test_fuzz.TestFuzz)
空查询和纯空白查询应被优雅处理 ... ok
test_garbage_queries_no_internal_error (test_fuzz.TestFuzz)
200 条随机垃圾查询不应抛出 IndexError / KeyError 等内部错误 ... ok
test_valid_queries_no_crash (test_fuzz.TestFuzz)
100 条随机合法查询不应抛出非预期异常 ... ok
test_basic_query (test_integration.TestCLI)
基本查询应返回 JSON 数组 ... ok
test_compact_output (test_integration.TestCLI)
--compact 应产生无缩进的单行输出 ... ok
test_invalid_query_syntax (test_integration.TestCLI)
语法错误应返回退出码 1 和友好错误 ... ok
test_missing_file (test_integration.TestCLI)
不存在的文件应返回退出码 1 ... ok
test_missing_query_arg (test_integration.TestCLI)
缺少 -q 参数应报错 ... ok
test_pipeline_query (test_integration.TestCLI)
管道查询应正常工作 ... ok
test_single_value_query (test_integration.TestCLI)
单值查询应返回字符串 ... ok
test_stdin_input (test_integration.TestCLI)
通过 stdin 传入 JSON 数据 ... ok
test_unknown_function_error (test_integration.TestCLI)
调用未知函数应返回退出码 1 ... ok
test_01_simple_path (test_json_dsl.TestJSONDSL)
路径取值：users[0].name => 'Alice' ... ok
test_02_array_mapping (test_json_dsl.TestJSONDSL)
数组映射：users.active => [True, False, True] ... ok
test_03_simple_filter (test_json_dsl.TestJSONDSL)
条件过滤：users[age > 25].name => ['Bob', 'Cindy'] ... ok
test_04_bool_filter (test_json_dsl.TestJSONDSL)
布尔过滤：users[active == true].age => [20, 28] ... ok
test_05_complex_filter_and (test_json_dsl.TestJSONDSL)
复合 and 过滤：users[age >= 20 and active == true].name => ['Alice', 'Cindy'] ... ok
test_06_pipeline_and_funcs (test_json_dsl.TestJSONDSL)
管道 + 函数：users[age > 20] | sort(age) | take(1) | .name => ['Cindy'] ... ok
test_07_contains (test_json_dsl.TestJSONDSL)
contains：users[name contains "A"].name => ['Alice'] ... ok
test_08_startswith (test_json_dsl.TestJSONDSL)
startsWith：users[name startsWith "B"].age => [30] ... ok
test_09_safe_navigation (test_json_dsl.TestJSONDSL)
安全导航：users[0]?.profile?.email => 'alice@test.com'，null 时不报错 ... ok
test_10_strict_null_error (test_json_dsl.TestJSONDSL)
非安全导航遇到 null 应抛出 TypeError ... ok
test_11_custom_function_reverse (test_json_dsl.TestJSONDSL)
自定义函数 reverse：users | reverse() | .name => ['Cindy', 'Bob', 'Alice'] ... ok
test_12_index_out_of_bounds_strict (test_json_dsl.TestJSONDSL)
越界索引后非安全取字段应抛 TypeError ... ok
test_12b_index_out_of_bounds_safe (test_json_dsl.TestJSONDSL)
越界索引后安全导航应返回 None ... ok
test_13_filter_no_match (test_json_dsl.TestJSONDSL)
过滤无匹配项应返回空数组 ... ok
test_14_nested_field (test_json_dsl.TestJSONDSL)
嵌套对象取值：users[0].profile.email ... ok
test_15_missing_field_returns_none (test_json_dsl.TestJSONDSL)
访问不存在的字段返回 None ... ok
test_16_not_equal_operator (test_json_dsl.TestJSONDSL)
!= 操作符：users[active != true].name => ['Bob'] ... ok
test_17_less_than_operator (test_json_dsl.TestJSONDSL)
< 操作符：users[age < 25].name => ['Alice'] ... ok
test_18_less_equal_operator (test_json_dsl.TestJSONDSL)
<= 操作符：users[age <= 28].name => ['Alice', 'Cindy'] ... ok
test_19_or_logic (test_json_dsl.TestJSONDSL)
or 逻辑：users[age < 21 or age > 29].name => ['Alice', 'Bob'] ... ok
test_20_array_mapping_name (test_json_dsl.TestJSONDSL)
数组映射取 name：users.name => ['Alice', 'Bob', 'Cindy'] ... ok
test_21_array_mapping_age (test_json_dsl.TestJSONDSL)
数组映射取 age：users.age => [20, 30, 28] ... ok
test_22_chained_pipeline (test_json_dsl.TestJSONDSL)
多级管道：users | sort(age) | reverse() | take(2) | .name ... ok
test_23_filter_then_index (test_json_dsl.TestJSONDSL)
过滤后索引：users[active == true][1].name => 'Cindy' ... ok
test_24_safe_nav_on_missing_key (test_json_dsl.TestJSONDSL)
安全导航在 Bob (无 profile 键) 上不抛异常 ... ok
test_25_empty_array_filter (test_json_dsl.TestJSONDSL)
空数组上的过滤应返回空 ... ok
test_26_string_equality_filter (test_json_dsl.TestJSONDSL)
字符串精确匹配过滤 ... ok
test_27_deeply_nested (test_json_dsl.TestJSONDSL)
多层嵌套对象访问 ... ok
test_28_lexer_error (test_json_dsl.TestJSONDSL)
非法字符应抛出 ValueError ... ok
test_29_unknown_function_error (test_json_dsl.TestJSONDSL)
调用未注册函数应抛出 ValueError ... ok
test_30_contains_no_match (test_json_dsl.TestJSONDSL)
contains 无匹配 ... ok
test_31_negative_index (test_json_dsl.TestJSONDSL)
负索引取最后一个元素 ... ok
test_32_filter_and_or_combined (test_json_dsl.TestJSONDSL)
and + or 组合：(age < 21 or age > 29) and active == true ... ok
test_filter_active_condition (test_property.TestProperties)
users[active == true] 的每个元素都应满足 active == True ... ok
test_filter_count_consistency (test_property.TestProperties)
过滤结果的个数应 <= 总数 ... ok
test_filter_is_subset (test_property.TestProperties)
users[age > X] 的结果集一定是 users 的子集 ... ok
test_filter_monotonicity (test_property.TestProperties)
随着 threshold 增大，users[age > threshold] 的结果数应单调不增 ... ok
test_filter_result_satisfies_condition (test_property.TestProperties)
users[age > 30] 的每个元素都应满足 age > 30 ... ok
test_mapping_preserves_length (test_property.TestProperties)
users.name 的长度应 == users 数组长度 ... ok
test_mapping_preserves_length_age (test_property.TestProperties)
users.age 的长度应 == users 数组长度 ... ok
test_reverse_is_involution (test_property.TestProperties)
reverse(reverse(x)) == x ... ok
test_sort_is_ordered (test_property.TestProperties)
sort(age) 后 age 应单调递增 ... ok
test_sort_preserves_elements (test_property.TestProperties)
sort 后的元素集合应和排序前完全一致 ... ok
test_take_exact_when_enough (test_property.TestProperties)
当数据足够时，take(n) 应返回恰好 n 条 ... ok
test_take_limits_length (test_property.TestProperties)
take(n) 结果长度 <= n ... ok
test_filter_evaluates_condition (test_unit.TestEvaluator)
Filter 应根据条件筛选 ... ok
test_getfield_on_dict (test_unit.TestEvaluator)
GetField 从 dict 中取值 ... ok
test_getfield_on_list_maps (test_unit.TestEvaluator)
GetField 遇到 list 应自动映射 ... ok
test_index_access (test_unit.TestEvaluator)
IndexAccess 取指定索引 ... ok
test_safe_getfield_on_none (test_unit.TestEvaluator)
safe GetField 遇到 None 返回 None 而非崩溃 ... ok
test_bool_and_null_conversion (test_unit.TestLexer)
true/false/null 应被转换为 Python 值 ... ok
test_filter_tokens (test_unit.TestLexer)
users[age > 25] => ID LBRACK ID OP NUM RBRACK ... ok
test_func_ops (test_unit.TestLexer)
contains / startsWith 应被识别为 FUNC_OP ... ok
test_illegal_char_raises_syntax_error (test_unit.TestLexer)
非法字符应抛出 DSLSyntaxError ... ok
test_index_access_tokens (test_unit.TestLexer)
users[0] => ID LBRACK NUM RBRACK ... ok
test_logic_operators (test_unit.TestLexer)
and / or / && / || 应被识别为 LOGIC ... ok
test_negative_number (test_unit.TestLexer)
负数应被正确识别 ... ok
test_pipe_token (test_unit.TestLexer)
管道符 | 应被正确识别 ... ok
test_position_tracking (test_unit.TestLexer)
每个 token 应记录源码位置 ... ok
test_safe_dot_token (test_unit.TestLexer)
?. 应被识别为 SAFE_DOT ... ok
test_simple_path_tokens (test_unit.TestLexer)
users.name => 3 tokens: ID, DOT, ID ... ok
test_single_quote_string (test_unit.TestLexer)
单引号字符串也应被去掉 ... ok
test_string_stripping (test_unit.TestLexer)
字符串引号应被去掉 ... ok
test_and_or_precedence (test_unit.TestParser)
a == 1 or b == 2 and c == 3 => or(a==1, and(b==2, c==3)) ... ok
test_filter_ast (test_unit.TestParser)
users[age > 25] => Path -> [GetField, Filter(BinOp)] ... ok
test_index_access_ast (test_unit.TestParser)
users[0] => Path -> [GetField, IndexAccess(0)] ... ok
test_multi_func_args (test_unit.TestParser)
func(a, 1, "x") => FuncCall with 3 args ... ok
test_pipeline_ast (test_unit.TestParser)
users | sort(age) => Query -> [Path, FuncCall] ... ok
test_safe_nav_ast (test_unit.TestParser)
a?.b => Path -> [GetField(safe=False), GetField(safe=True)] ... ok
test_simple_path_ast (test_unit.TestParser)
users.name => Query -> Path -> [GetField, GetField] ... ok

----------------------------------------------------------------------
Ran 82 tests in 0.763s

OK
